# just a comment
database.type=mysql
database.host=localhost
database.port=5432
# and another comment
database.user=dbuser
database.password=foobar
