format:[33m*** {left}[39m (left)    {left_date}
format:[33m*** {right}[39m (right)    {right_date}
format:[34m# Only in {left} (left)[39m
[31mdatabase.host=localhost[39m
format:[34m# Only in {right} (right)[39m
[32mdatabase.version=12[39m
format:[34m# Updated from {left} (left) to {right} (right)[39m
[31mdatabase.type=postgresql[39m
[31mdatabase.user=test[39m
[32mdatabase.type=mysql[39m
[32mdatabase.user=dbuser[39m
