format:--- {left} (left)    {left_date}
format:+++ {right} (right)    {right_date}
format:# Only in {left} (left)
[-database.host=localhost-]
format:# Updated from {left} (left) to {right} (right)
database.type=[-postgresql-]{+mysql+}
database.user=[-test-]{+dbuser+}
