format:--- {left} (left)    {left_date}
format:+++ {right} (right)    {right_date}
format:# Only in {right} (right)
{+database.version=12+}
