format:--- {tmp_path}/sample1.properties (left)    2020-12-12 12:00:00
format:+++ {tmp_path}/sample2.properties (right)    2020-12-12 12:02:00
format:# Only in {tmp_path}/sample1.properties (left)
[-database.host=localhost-]
format:# Only in {tmp_path}/sample2.properties (right)
{+database.version=12+}
format:# Updated from {tmp_path}/sample1.properties (left) to {tmp_path}/sample2.properties (right)
database.type=[-postgresql-]{+mysql+}
database.user=[-test-]{+dbuser+}
