format:Files {tmp_path}/sample1.properties and {tmp_path}/sample1.properties are similar
