format:[33m--- {left}[39m (left)    {left_date}
format:[33m+++ {right}[39m (right)    {right_date}
format:[34m# Only in {left} (left)[39m
[31m[-database.host=localhost-][39m
format:[34m# Only in {right} (right)[39m
[32m{+database.version=12+}[39m
format:[34m# Updated from {left} (left) to {right} (right)[39m
database.type=[31m[-postgresql-][32m{+mysql+}[39m
database.user=[31m[-test-][32m{+dbuser+}[39m
