format:Files {tmp_path}/sample1.properties and {tmp_path}/sample1_alt.properties are similar
