format:--- {left} (left)    {left_date}
format:+++ {right} (right)    {right_date}
format:# Only in {left} (left)
[-database.host=localhost-]
format:# Only in {right} (right)
{+database.version=12+}
