format:[33m---[0m [33m{left}[0m (left)    {left_date}
format:[33m+++[0m [33m{right}[0m (right)    {right_date}
format:[34m# Only in {left} (left)[0m
[31m[-database.host=localhost-][0m
format:[34m# Only in {right} (right)[0m
[32m{+database.version=12+}[0m
format:[34m# Updated from {left} (left) to {right} (right)[0m
database.type=[31m[-postgresql-][0m[32m{+mysql+}[0m
database.user=[31m[-test-][0m[32m{+dbuser+}[0m
